DEBUG:root:This message should go to the log file
INFO:root:So should this
WARNING:root:And this too
INFO:root:Logging date and time:
